
> digihub@0.1.0 build
> next build

node.exe : ΓÜá Warning: Next.js inferred 
your workspace root, but it may not be 
correct.
At line:1 char:1
+ & "C:\Program Files\nodejs/node.exe" 
"C:\Program Files\nodejs/node_mo ...
+ ~~~~~~~~~~~~~~~~~~~~~~~~~~~~~~~~~~~~~~~~
~~~~~~~~~~~~~~~~~~~~~~~~~~~~~
    + CategoryInfo          : NotSpecifie 
   d: (ΓÜá Warning: Ne...not be correct.  
  :String) [], RemoteException
    + FullyQualifiedErrorId : NativeComma 
   ndError
 
 We detected multiple lockfiles and 
selected the directory of 
C:\Users\praka\package-lock.json as the 
root directory.
 To silence this warning, set 
`turbopack.root` in your Next.js config, 
or consider removing one of the lockfiles 
if it's not needed.
   See https://nextjs.org/docs/app/api-ref
erence/config/next-config-js/turbopack#roo
t-directory for more information.
 Detected additional lockfiles: 
   * 
C:\Users\praka\OneDrive\Desktop\Coading 
practices\Digital Marketing 
agency\digihub\package-lock.json

Γû▓ Next.js 16.1.1 (Turbopack)
- Environments: .env.local

ΓÜá The "middleware" file convention is 
deprecated. Please use "proxy" instead. 
Learn more: https://nextjs.org/docs/messag
es/middleware-to-proxy
  Creating an optimized production build ...
Γ£ô Compiled successfully in 22.1s
  Running TypeScript ...
Failed to compile.

./src/data/services.ts:611:5
Type error: An object literal cannot have 
multiple properties with the same name.

[0m [90m 609 |[39m         ]
 [90m 610 |[39m     }[33m,[39m
[31m[1m>[22m[39m[90m 611 |[39m     
[32m"ai-marketing"[39m[33m:[39m {
 [90m     |[39m     [31m[1m^[22m[39m
 [90m 612 |[39m         name[33m:[39m 
[32m"AI Marketing"[39m[33m,[39m
 [90m 613 |[39m         
title[33m:[39m [32m"The Neural 
Edge"[39m[33m,[39m
 [90m 614 |[39m         
metaTitle[33m:[39m [32m"AI Marketing 
Services - The Neural Edge | 
Digihub"[39m[33m,[39m[0m
Next.js build worker exited with code: 1 
and signal: null
